// Jest Snapshot v1, https://goo.gl/fbAQLP

exports[`App Component should match snapshot 1`] = `
<Fragment>
  <div
    className="col-8"
  >
    <Connect(Form)
      action="addUser"
    />
    <div
      className="card col-11"
    >
      <table
        className="table"
      >
        <thead>
          <tr>
            <th>
              Name
            </th>
            <th>
              Username
            </th>
            <th>
              Email
            </th>
            <th>
              Role
            </th>
            <th>
              Action
            </th>
          </tr>
        </thead>
        <tbody>
          <tr
            key="1"
          >
            <td>
              admin
            </td>
            <td>
              admin
            </td>
            <td>
              admin@gmail.com
            </td>
            <td>
              admin
            </td>
            <td>
              <Connect(Form)
                action="eidtUser"
                userId={1}
              />
                  
              <Connect(Form)
                action="deleteUser"
                userId={1}
              />
            </td>
          </tr>
        </tbody>
      </table>
    </div>
  </div>
</Fragment>
`;
