// Jest Snapshot v1, https://goo.gl/fbAQLP

exports[`Routes Component should match snapshot 1`] = `
<Switch>
  <Route
    component={[Function]}
    default={true}
    exact={true}
    path="/"
  />
  <Connect(CommonRoutes)
    component={[Function]}
    exact={true}
    path="/products/:id"
  />
  <Connect(AdminRoutes)
    component={[Function]}
    exact={true}
    path="/admin"
  />
  <Connect(AdminRoutes)
    component={[Function]}
    exact={true}
    path="/admin/users"
  />
  <Connect(AdminRoutes)
    component={[Function]}
    exact={true}
    path="/admin/sales"
  />
  <Connect(CommonRoutes)
    component={[Function]}
    exact={true}
    path="/products/:id"
  />
  <Connect(AttendantRoutes)
    component={[Function]}
    exact={true}
    path="/attendant"
  />
</Switch>
`;
